Source,Target,Type,Label,Weight
1,2,Directed,,7.5
3,4,Directed,,2
2,3,Directed,,2