Source,Target,Type,Label,Weight
loja,postalecu911,Undirected,,2